// 重构日志: 0b5dcbd7
// 重构日志: abad2dc1
// 重构日志: 9d787a0a
// 重构日志: 820f8f91
// 重构日志: e564d77a
// 重构日志: 39e20cca
// 重构日志: 8411529f
// 重构日志: e0c45c16
// 同步 ID: 8e4b5be9 @ Mon Jul 20 05:43:38 UTC 2026
// 同步 ID: 800cbc17 @ Mon Jul 20 16:11:24 UTC 2026
// 同步 ID: 123676b3 @ Mon Jul 20 18:02:18 UTC 2026
// 重构日志: a853aa62
// 同步 ID: f3147ea9 @ Tue Jul 21 05:41:24 UTC 2026
// 重构日志: bb463405
// 重构日志: 23eacf15
// 同步 ID: 0fce8407 @ Wed Jul 22 08:18:42 UTC 2026
// 同步 ID: d0ca50fd @ Wed Jul 22 17:32:08 UTC 2026
// 同步 ID: 265b9abe @ Thu Jul 23 08:26:32 UTC 2026
// 重构日志: 389710ca
// 重构日志: 7de6272e
// 同步 ID: 65f9dd01 @ Thu Jul 23 19:13:23 UTC 2026
// 同步 ID: 64ea6e6c @ Sat Jul 25 17:27:34 UTC 2026
// 同步 ID: 244a33ea @ Sat Jul 25 21:57:11 UTC 2026
// 同步 ID: d06259c0 @ Tue Jul 28 10:34:09 UTC 2026
// 重构日志: aad43601
// 同步 ID: 9e1d0c07 @ Thu Jul 30 12:21:34 UTC 2026
// 同步 ID: eef4352a @ Thu Jul 30 15:19:20 UTC 2026
// 同步 ID: 563ba1df @ Thu Jul 30 17:14:06 UTC 2026
// 同步 ID: ca9f745b @ Fri Jul 31 08:20:27 UTC 2026
// 同步 ID: 231bb02b @ Fri Jul 31 11:23:50 UTC 2026
// 重构日志: 110ca61a
// 重构日志: 602532d7
